[0.001s][info][gc] Using G1
[0.167s][info][gc] GC(0) Pause Young (Normal) (G1 Evacuation Pause) 25M->9M(260M) 2.688ms
[0.292s][info][gc] GC(1) Pause Young (Normal) (G1 Evacuation Pause) (Evacuation Failure: Pinned) 29M->15M(260M) 1.899ms
[0.431s][info][gc] GC(2) Pause Young (Normal) (G1 Evacuation Pause) 55M->13M(260M) 2.380ms
[0.499s][info][gc] GC(3) Pause Young (Concurrent Start) (Metadata GC Threshold) 29M->14M(260M) 1.764ms
[0.499s][info][gc] GC(4) Concurrent Mark Cycle
[0.503s][info][gc] GC(4) Pause Remark 16M->16M(256M) 0.968ms
[0.504s][info][gc] GC(4) Pause Cleanup 16M->16M(256M) 0.019ms
[0.507s][info][gc] GC(4) Concurrent Mark Cycle 8.408ms
[0.948s][info][gc] GC(5) Pause Young (Prepare Mixed) (G1 Evacuation Pause) 158M->21M(308M) 5.019ms
[0.993s][info][gc] GC(6) Pause Young (Mixed) (Metadata GC Threshold) 33M->21M(308M) 4.408ms
[1.017s][info][gc] GC(7) Pause Young (Concurrent Start) (Metadata GC Threshold) 27M->21M(308M) 3.320ms
[1.018s][info][gc] GC(8) Concurrent Mark Cycle
[1.022s][info][gc] GC(8) Pause Remark 23M->23M(256M) 1.667ms
[1.023s][info][gc] GC(8) Pause Cleanup 23M->23M(256M) 0.028ms
[1.023s][info][gc] GC(8) Concurrent Mark Cycle 5.850ms
