[0.001s][info][gc] Using G1
[0.165s][info][gc] GC(0) Pause Young (Normal) (G1 Evacuation Pause) 25M->9M(260M) 2.612ms
[0.282s][info][gc] GC(1) Pause Young (Normal) (G1 Evacuation Pause) 29M->11M(260M) 1.950ms
[0.417s][info][gc] GC(2) Pause Young (Normal) (G1 Evacuation Pause) 51M->13M(260M) 1.904ms
[0.482s][info][gc] GC(3) Pause Young (Concurrent Start) (Metadata GC Threshold) 28M->13M(260M) 1.759ms
[0.482s][info][gc] GC(4) Concurrent Mark Cycle
[0.487s][info][gc] GC(4) Pause Remark 16M->16M(256M) 0.874ms
[0.487s][info][gc] GC(4) Pause Cleanup 16M->16M(256M) 0.023ms
[0.489s][info][gc] GC(4) Concurrent Mark Cycle 7.074ms
[0.916s][info][gc] GC(5) Pause Young (Prepare Mixed) (G1 Evacuation Pause) 157M->21M(308M) 4.812ms
[0.960s][info][gc] GC(6) Pause Young (Mixed) (Metadata GC Threshold) 33M->21M(308M) 4.456ms
[0.987s][info][gc] GC(7) Pause Young (Concurrent Start) (Metadata GC Threshold) 27M->22M(308M) 4.035ms
[0.987s][info][gc] GC(8) Concurrent Mark Cycle
[0.993s][info][gc] GC(8) Pause Remark 24M->24M(256M) 1.565ms
[0.994s][info][gc] GC(8) Pause Cleanup 24M->24M(256M) 0.023ms
[0.994s][info][gc] GC(8) Concurrent Mark Cycle 6.295ms
