[0.001s][info][gc] Using G1
[0.171s][info][gc] GC(0) Pause Young (Normal) (G1 Evacuation Pause) 25M->9M(260M) 2.568ms
[0.282s][info][gc] GC(1) Pause Young (Normal) (G1 Evacuation Pause) 29M->11M(260M) 1.949ms
[0.421s][info][gc] GC(2) Pause Young (Normal) (G1 Evacuation Pause) 51M->13M(260M) 2.018ms
[0.488s][info][gc] GC(3) Pause Young (Concurrent Start) (Metadata GC Threshold) 28M->13M(260M) 1.841ms
[0.488s][info][gc] GC(4) Concurrent Mark Cycle
[0.491s][info][gc] GC(4) Pause Remark 16M->16M(256M) 0.932ms
[0.492s][info][gc] GC(4) Pause Cleanup 16M->16M(256M) 0.021ms
[0.494s][info][gc] GC(4) Concurrent Mark Cycle 5.954ms
[0.955s][info][gc] GC(5) Pause Young (Prepare Mixed) (G1 Evacuation Pause) 157M->21M(308M) 4.607ms
[0.998s][info][gc] GC(6) Pause Young (Mixed) (Metadata GC Threshold) 35M->22M(308M) 3.821ms
[1.023s][info][gc] GC(7) Pause Young (Concurrent Start) (Metadata GC Threshold) 28M->21M(308M) 3.638ms
[1.023s][info][gc] GC(8) Concurrent Mark Cycle
[1.027s][info][gc] GC(8) Pause Remark 23M->23M(256M) 1.606ms
[1.028s][info][gc] GC(8) Pause Cleanup 23M->23M(256M) 0.022ms
[1.028s][info][gc] GC(8) Concurrent Mark Cycle 5.023ms
