[0.001s][info][gc] Using G1
[0.157s][info][gc] GC(0) Pause Young (Normal) (G1 Evacuation Pause) 25M->9M(260M) 2.580ms
[0.274s][info][gc] GC(1) Pause Young (Normal) (G1 Evacuation Pause) (Evacuation Failure: Pinned) 29M->15M(260M) 2.399ms
[0.409s][info][gc] GC(2) Pause Young (Normal) (G1 Evacuation Pause) 55M->13M(260M) 1.972ms
[0.471s][info][gc] GC(3) Pause Young (Concurrent Start) (Metadata GC Threshold) 29M->14M(260M) 1.503ms
[0.471s][info][gc] GC(4) Concurrent Mark Cycle
[0.476s][info][gc] GC(4) Pause Remark 16M->16M(256M) 1.032ms
[0.477s][info][gc] GC(4) Pause Cleanup 16M->16M(256M) 0.022ms
[0.479s][info][gc] GC(4) Concurrent Mark Cycle 7.570ms
[0.918s][info][gc] GC(5) Pause Young (Prepare Mixed) (G1 Evacuation Pause) 158M->21M(308M) 5.267ms
[0.964s][info][gc] GC(6) Pause Young (Mixed) (Metadata GC Threshold) 35M->21M(308M) 3.832ms
[0.989s][info][gc] GC(7) Pause Young (Concurrent Start) (Metadata GC Threshold) 27M->21M(308M) 3.225ms
[0.989s][info][gc] GC(8) Concurrent Mark Cycle
[0.994s][info][gc] GC(8) Pause Remark 24M->24M(256M) 1.747ms
[0.995s][info][gc] GC(8) Pause Cleanup 24M->24M(256M) 0.025ms
[0.996s][info][gc] GC(8) Concurrent Mark Cycle 6.674ms
